// 重构日志: fac9c127
// 重构日志: b2b246d3
// 重构日志: 569958ff
// 重构日志: cad48e50
// 重构日志: b735c48e
// 同步 ID: 6e0b8c9f @ Mon Jul 20 19:39:20 UTC 2026
// 同步 ID: a1d6f9f3 @ Tue Jul 21 11:36:02 UTC 2026
// 重构日志: 61f51f6f
// 同步 ID: 72a6145b @ Wed Jul 22 11:11:51 UTC 2026
// 同步 ID: 24512497 @ Wed Jul 22 14:04:54 UTC 2026
// 同步 ID: ccdb47e9 @ Wed Jul 22 16:20:37 UTC 2026
// 重构日志: dee93d7e
// 同步 ID: 76473aad @ Thu Jul 23 21:25:22 UTC 2026
// 重构日志: 1d45da77
// 重构日志: fcffbcbf
// 重构日志: 7f3c8f4b
// 重构日志: adefebbc
// 重构日志: ac5fa687
// 重构日志: 3f6554cc
// 重构日志: 0b7cf966
// 同步 ID: f6a3758f @ Wed Jul 29 05:50:52 UTC 2026
// 重构日志: 0bf11ed1
// 重构日志: a224f311
// 重构日志: 22dccb8f
// 同步 ID: 9153d1dc @ Thu Jul 30 17:21:53 UTC 2026
// 重构日志: 7b334a2e
// 重构日志: eaeb0e4a
// 重构日志: 0d9aa706
// 重构日志: 55fb9056
// 同步 ID: 7797b4d5 @ Sat Aug  1 12:38:41 UTC 2026
// 重构日志: 1e80ce9f
